EQN2JED - Boolean Equations to JEDEC file assembler (Version V024)
Copyright (c) National Semiconductor Corporation 1990,1991

Document file for r_gal.eqn
Device: G22V10

$LABELS 24 CLK /WR romacc D0 D1 /RD automap /poweron D7 D6 A13 GND /eprom romoff
 /romoe conmem bank0 bank1 /ramoe addr1 addr0 /ramwr mapram VCC


Pin   Label               Type
---   -----               ----
1     CLK                 clock pin
2     /WR                 neg,com input
3     romacc              pos,com input
4     D0                  pos,com input
5     D1                  pos,com input
6     /RD                 neg,com input
7     automap             pos,com input
8     /poweron            neg,com input
9     D7                  pos,com input
10    D6                  pos,com input
11    A13                 pos,com input
12    GND                 ground pin
13    /eprom              neg,com input
14    romoff              pos,trst,com output
15    /romoe              pos,trst,com output
16    conmem              pos,trst,reg feedback
17    bank0               pos,trst,reg feedback
18    bank1               pos,trst,reg feedback
19    /ramoe              pos,trst,com output
20    addr1               pos,trst,com output
21    addr0               pos,trst,com output
22    /ramwr              pos,trst,com output
23    mapram              pos,trst,reg feedback

EQN2JED - Boolean Equations to JEDEC file assembler (Version V024)
Copyright (c) National Semiconductor Corporation 1990,1991

Device Utilization:

No of dedicated inputs used               : 11/12 (91.7%)
No of feedbacks used as dedicated outputs :  6/10 (60.0%)
No of feedbacks used                      :  4/10 (40.0%)

		------------------------------------------
		Pin   Label                 Terms Usage
		------------------------------------------
		23    mapram                1/9   (11.1%)
		22    ramwr                 7/11  (63.6%)
		21    addr0                 3/13  (23.1%)
		20    addr1                 3/15  (20.0%)
		19    ramoe                 7/17  (41.2%)
		15    romoe                 7/11  (63.6%)
		14    romoff                4/9   (44.4%)
		------------------------------------------
		Total                      41/132 (31.1%)
		------------------------------------------

EQN2JED - Boolean Equations to JEDEC file assembler (Version V024)
Copyright (c) National Semiconductor Corporation 1990,1991

                            Chip diagram (DIP)

                             ._____    _____.
                             |     \__/     |
                         CLK |  1        24 | VCC
                         /WR |  2        23 | mapram
                      romacc |  3        22 | /ramwr
                          D0 |  4        21 | addr0
                          D1 |  5        20 | addr1
                         /RD |  6        19 | /ramoe
                     automap |  7        18 | bank1
                    /poweron |  8        17 | bank0
                          D7 |  9        16 | conmem
                          D6 | 10        15 | /romoe
                         A13 | 11        14 | romoff
                         GND | 12        13 | /eprom
                             |______________|
